[info] Log at : 2025/10/21|16:36:40|GMT+0800

[info] Log at : 2025/10/22|15:15:40|GMT+0800

[info] Log at : 2025/12/11|12:56:22|GMT+0800

[info] Log at : 2025/12/11|13:13:13|GMT+0800

[info] Log at : 2025/12/11|13:32:28|GMT+0800

[info] project closed: project
[info] Log at : 2025/12/13|10:34:54|GMT+0800

[info] Log at : 2025/12/13|10:47:09|GMT+0800

[info] Log at : 2025/12/13|10:48:40|GMT+0800

[info] Log at : 2025/12/13|10:50:10|GMT+0800

[info] Log at : 2025/12/13|10:53:35|GMT+0800

[info] Log at : 2025/12/13|10:55:36|GMT+0800

[info] Log at : 2025/12/13|10:57:32|GMT+0800

[info] Log at : 2025/12/13|10:57:52|GMT+0800

[info] Log at : 2025/12/13|10:58:17|GMT+0800

[info] Log at : 2025/12/13|11:02:01|GMT+0800

[info] Log at : 2025/12/16|22:49:04|GMT+0800

[info] Log at : 2025/12/17|09:45:13|GMT+0800

[info] Log at : 2025/12/17|14:54:45|GMT+0800

[info] Log at : 2025/12/18|18:24:53|GMT+0800

[info] Log at : 2025/12/19|09:00:46|GMT+0800

[info] Log at : 2025/12/19|10:27:46|GMT+0800

[info] Log at : 2025/12/19|10:42:49|GMT+0800

[info] Log at : 2025/12/19|10:44:31|GMT+0800

[info] Log at : 2025/12/19|10:45:41|GMT+0800

[info] Log at : 2025/12/19|14:08:45|GMT+0800

[info] Log at : 2025/12/19|17:15:03|GMT+0800

[info] Log at : 2025/12/19|22:25:37|GMT+0800

[SyntaxError: Unexpected token '/', ..."          // "c:\\Us"... is not valid JSON
	at JSON.parse (<anonymous>)
	at F.updateCppProperties (c:\Users\zhang\.vscode\extensions\cl.keil-assistant-1.7.0\dist\extension.js:1:10849)
	at F.<anonymous> (c:\Users\zhang\.vscode\extensions\cl.keil-assistant-1.7.0\dist\extension.js:1:12579)
	at Generator.next (<anonymous>)
	at c:\Users\zhang\.vscode\extensions\cl.keil-assistant-1.7.0\dist\extension.js:1:4480
	at new Promise (<anonymous>)
	at r (c:\Users\zhang\.vscode\extensions\cl.keil-assistant-1.7.0\dist\extension.js:1:4225)
	at F.load (c:\Users\zhang\.vscode\extensions\cl.keil-assistant-1.7.0\dist\extension.js:1:11310)
	at w.<anonymous> (c:\Users\zhang\.vscode\extensions\cl.keil-assistant-1.7.0\dist\extension.js:1:8737)
	at Generator.next (<anonymous>)
	at a (c:\Users\zhang\.vscode\extensions\cl.keil-assistant-1.7.0\dist\extension.js:1:4282)]
[info] Log at : 2025/12/20|10:23:29|GMT+0800

[info] Log at : 2025/12/20|11:58:47|GMT+0800

[info] Log at : 2025/12/20|17:50:39|GMT+0800

[info] Log at : 2025/12/20|23:52:24|GMT+0800

[info] Log at : 2025/12/21|23:38:22|GMT+0800

[info] Log at : 2025/12/22|11:22:17|GMT+0800

[info] Log at : 2025/12/22|15:34:37|GMT+0800

[info] Log at : 2025/12/22|23:31:23|GMT+0800

[info] Log at : 2025/12/22|23:56:06|GMT+0800

[info] Log at : 2025/12/23|09:51:29|GMT+0800

[info] Log at : 2025/12/23|10:38:09|GMT+0800

[info] Log at : 2025/12/23|10:42:53|GMT+0800

[info] Log at : 2025/12/23|11:27:38|GMT+0800

[info] Log at : 2025/12/23|23:09:33|GMT+0800

[info] Log at : 2025/12/23|23:52:31|GMT+0800

[info] Log at : 2025/12/24|11:38:48|GMT+0800

[info] Log at : 2025/12/24|11:49:12|GMT+0800

[info] Log at : 2025/12/24|11:54:35|GMT+0800

[info] Log at : 2025/12/24|11:58:05|GMT+0800

[info] Log at : 2025/12/24|12:08:34|GMT+0800

[info] Log at : 2025/12/24|14:18:27|GMT+0800

[info] Log at : 2025/12/24|14:37:33|GMT+0800

[info] Log at : 2025/12/24|23:01:31|GMT+0800

[info] Log at : 2025/12/25|09:43:03|GMT+0800

[info] Log at : 2025/12/25|20:03:48|GMT+0800

[info] Log at : 2025/12/25|20:15:53|GMT+0800

[info] Log at : 2025/12/26|14:58:48|GMT+0800

[info] Log at : 2025/12/26|15:02:33|GMT+0800

[info] Log at : 2025/12/26|15:03:41|GMT+0800

[info] Log at : 2025/12/26|22:31:18|GMT+0800

[info] Log at : 2025/12/27|14:58:39|GMT+0800

[info] Log at : 2025/12/27|15:25:42|GMT+0800

[info] Log at : 2025/12/28|21:12:26|GMT+0800

[info] Log at : 2025/12/29|10:10:47|GMT+0800

[info] Log at : 2025/12/29|15:12:53|GMT+0800

[info] Log at : 2025/12/29|15:22:55|GMT+0800

[info] Log at : 2025/12/30|09:30:05|GMT+0800

[info] Log at : 2025/12/30|22:13:24|GMT+0800

[info] Log at : 2025/12/31|14:40:25|GMT+0800

[info] Log at : 2025/12/31|18:14:25|GMT+0800

[info] Log at : 2026/1/1|14:31:21|GMT+0800

[info] Log at : 2026/1/1|15:15:49|GMT+0800

[info] Log at : 2026/1/1|20:36:53|GMT+0800

[info] Log at : 2026/1/2|09:26:42|GMT+0800

[info] Log at : 2026/1/2|10:25:50|GMT+0800

[info] Log at : 2026/1/2|14:08:24|GMT+0800

[info] Log at : 2026/1/2|16:56:16|GMT+0800

[info] Log at : 2026/3/22|15:30:53|GMT+0800

[info] Log at : 2026/3/25|16:13:24|GMT+0800

[info] Log at : 2026/5/23|16:46:29|GMT+0800

[info] Log at : 2026/5/23|16:49:47|GMT+0800

